// Jest Snapshot v1, https://goo.gl/fbAQLP

exports[`widgetConfigLoader correctly loads widgetConfig 1`] = `
Object {
  "data": "{
    \\"buttonText\\": \\"Button text\\",
    \\"buttonLink\\": \\"\\",
    \\"fontFamily\\": \\"inherit\\",
    \\"fontWeight\\": \\"400\\",
    \\"textSize\\": \\"14px\\",
    \\"textDecoration\\": \\"none\\",
    \\"buttonStyle\\": true,
    \\"buttonBorder\\": 1,
    \\"borderRadius\\": 4,
    \\"alignment\\": {
        \\"horizontal\\": \\"center\\"
    },
    \\"buttonMargin\\": {
        \\"top\\": {
            \\"value\\": \\"0\\",
            \\"type\\": \\"px\\"
        },
        \\"right\\": {
            \\"value\\": \\"0\\",
            \\"type\\": \\"px\\"
        },
        \\"bottom\\": {
            \\"value\\": \\"0\\",
            \\"type\\": \\"px\\"
        },
        \\"left\\": {
            \\"value\\": \\"0\\",
            \\"type\\": \\"px\\"
        }
    },
    \\"buttonPadding\\": {
        \\"top\\": {
            \\"value\\": \\"10\\",
            \\"type\\": \\"px\\"
        },
        \\"right\\": {
            \\"value\\": \\"20\\",
            \\"type\\": \\"px\\"
        },
        \\"bottom\\": {
            \\"value\\": \\"10\\",
            \\"type\\": \\"px\\"
        },
        \\"left\\": {
            \\"value\\": \\"20\\",
            \\"type\\": \\"px\\"
        }
    },
    \\"backgroundColor\\": \\"#444444\\",
    \\"textColor\\": \\"#FFFFFF\\",
    \\"borderColor\\": \\"#444444\\",
    \\"backgroundColorHover\\": \\"#444444\\",
    \\"textColorHover\\": \\"#FFFFFF\\",
    \\"borderColorHover\\": \\"#FFFFFF\\",
    \\"buttonToggle\\": \\"normal\\",
    \\"productId\\": 5,
    \\"products\\": [
        {
            \\"productId\\": 1
        }
    ],
    \\"name\\": \\"Fred\\"
}
",
  "type": "config.json",
}
`;
